../Core/Src/main.c:98:6:HAL_UARTEx_RxEventCallback	16	static
../Core/Src/main.c:141:10:CRC16_X25	24	static
../Core/Src/main.c:154:6:HAL_GPIO_EXTI_Falling_Callback	16	static
../Core/Src/main.c:163:10:write	40	static
../Core/Src/main.c:183:6:clear_rom	56	static
../Core/Src/main.c:198:6:print_double_word	24	static
../Core/Src/main.c:207:10:clone_rom	32	static
../Core/Src/main.c:244:6:wait	8	static
../Core/Src/main.c:253:10:update_firmware	24	static
../Core/Src/main.c:352:48:BootJumpASM	0	static,ignoring_inline_asm
../Core/Src/main.c:359:13:image_start	24	static,ignoring_inline_asm
../Core/Src/main.c:409:5:main	16	static
../Core/Src/main.c:573:6:SystemClock_Config	96	static
../Core/Src/main.c:614:13:MX_TIM1_Init	40	static
../Core/Src/main.c:661:13:MX_USART2_UART_Init	8	static
../Core/Src/main.c:709:13:MX_USART3_UART_Init	8	static
../Core/Src/main.c:757:13:MX_GPIO_Init	48	static
../Core/Src/main.c:799:6:HAL_TIM_PeriodElapsedCallback	16	static
../Core/Src/main.c:814:6:Error_Handler	8	static,ignoring_inline_asm
